
> clube-de-jogos@0.1.0 build
> next build --turbopack

   Ôû▓ Next.js 15.5.14 (Turbopack)
   - Environments: .env.local

   Creating an optimized production build ...
node.exe :  ÔÜá Slow filesystem detected. The benchmark took 
131ms. If D:\clube-dos-jogos\.next is a network drive, 
consider moving it to a local folder. If you have an 
antivirus enabled, consider excluding your project directory.
No linha:1 caractere:1
+ & "C:\Program Files\nodejs/node.exe" "C:\Program 
Files\nodejs/node_mo ...
+ ~~~~~~~~~~~~~~~~~~~~~~~~~~~~~~~~~~~~~~~~~~~~~~~~~~~~~~~~~~~~
~~~~~~~~~
    + CategoryInfo          : NotSpecified: ( ÔÜá Slow 
files...    ject directory.:String) [], RemoteException
    + FullyQualifiedErrorId : NativeCommandError
 
 Ô£ô Finished writing to disk in 31ms
 Ô£ô Compiled successfully in 2.4s
   Linting and checking validity of types ...
   Collecting page data ...
   Generating static pages (0/10) ...
   Generating static pages (2/10) 
   Generating static pages (4/10) 
   Generating static pages (7/10) 
 Ô£ô Generating static pages (10/10)
   Finalizing page optimization ...
   Collecting build traces ...

Route (app)                            Size  First Load JS
Ôöî ãÆ /                               1.73 kB         134 kB
Ôö£ ãÆ /_not-found                         0 B         132 kB
Ôö£ ãÆ /admin/add-game                 2.25 kB         135 kB
Ôö£ ãÆ /admin/dashboard                    0 B         132 kB
Ôö£ ãÆ /admin/edit-game/[slug]         2.21 kB         135 kB
Ôö£ ãÆ /admin/manage-games             2.09 kB         134 kB
Ôö£ ãÆ /admin/moderate-reviews         2.17 kB         134 kB
Ôö£ ãÆ /api/auth/[...nextauth]             0 B            0 B
Ôö£ ãÆ /api/games                          0 B            0 B
Ôö£ ãÆ /api/games/[slug]                   0 B            0 B
Ôö£ ãÆ /api/rawg                           0 B            0 B
Ôö£ ãÆ /api/reviews                        0 B            0 B
Ôö£ ãÆ /api/reviews/[reviewId]             0 B            0 B
Ôö£ ãÆ /api/reviews/[reviewId]/like        0 B            0 B
Ôö£ ãÆ /api/user/favorites/[slug]          0 B            0 B
Ôö£ ãÆ /game/[gameSlug]                3.61 kB         136 kB
Ôö£ ãÆ /game/[gameSlug]/submit-review      0 B         134 kB
Ôö£ ãÆ /review/[reviewId]/edit             0 B         134 kB
Ôöö ãÆ /user/[userId]                  3.31 kB         136 kB
+ First Load JS shared by all        138 kB
  Ôö£ chunks/0900a5f29394958c.js      13.2 kB
  Ôö£ chunks/7c79bbf675c8e51e.js      59.2 kB
  Ôö£ chunks/bd9d444bdeee4eab.js      17.3 kB
  Ôöö chunks/d840202ccc76954a.js      17.2 kB
  Ôöö other shared chunks (total)     31.4 kB


ãÆ  (Dynamic)  server-rendered on demand

